INFO:root:Namespace(agent='sem_cur_exp', alpha=0.99, auto_gpu_config=1, camera_height=0.88, cat_pred_threshold=5.0, clip_param=0.2, collision_threshold=0.2, cuda=True, du_scale=1, dump_location='./exps/', entropy_coef=0.001, env_frame_height=256, env_frame_width=256, eps=1e-05, eval=0, exp_name='exp_2sc', exp_pred_threshold=1.0, frame_height=128, frame_width=128, gamma=0.99, global_downscaling=2, hfov=79.0, load='0', local_hidden_size=256, log_interval=10, lr=2.5e-05, map_pred_threshold=1.0, map_resolution=5, map_size_cm=2400, max_d=100.0, max_depth=5.0, max_episode_length=500, max_grad_norm=0.5, min_d=1.5, min_depth=0.5, no_cuda=False, num_local_steps=100, num_mini_batch=1, num_processes=2, num_processes_on_first_gpu=0, num_processes_per_gpu=9, num_sem_categories=6, num_training_frames=10000000, ppo_epoch=4, print_images=0, reward_coeff=0.0025, save_interval=1, save_periodic=500000, seed=1, sem_gpu_id=-1, sem_pred_prob_thr=0.9, sim_gpu_id=2, split='train', task_config='tasks/objectnav_gibson.yaml', tau=0.95, total_num_scenes=2, turn_angle=30, use_gae=False, use_recurrent_local=1, value_loss_coef=0.5, version='v1.1', vision_range=100, visualize=0)
INFO:root:Starting training
INFO:root:training frames is 10000000
INFO:root:Time: 00d 00h 00m 00s, num timesteps 0, FPS 0,
	Rewards:
	Losses:
INFO:root:Time: 00d 00h 00m 00s, num timesteps 20, FPS 26,
	Rewards:
	Losses:
INFO:root:Time: 00d 00h 00m 01s, num timesteps 40, FPS 31,
	Rewards:
	Losses:
INFO:root:Time: 00d 00h 00m 01s, num timesteps 60, FPS 33,
	Rewards:
	Losses:
INFO:root:Time: 00d 00h 00m 02s, num timesteps 80, FPS 34,
	Rewards:
	Losses:
INFO:root:Time: 00d 00h 00m 02s, num timesteps 100, FPS 35,
	Rewards:
	Losses:
INFO:root:Time: 00d 00h 00m 03s, num timesteps 120, FPS 35,
	Rewards:
	Losses:
INFO:root:Time: 00d 00h 00m 03s, num timesteps 140, FPS 36,
	Rewards:
	Losses:
INFO:root:Time: 00d 00h 00m 04s, num timesteps 160, FPS 36,
	Rewards:
	Losses:
INFO:root:Time: 00d 00h 00m 04s, num timesteps 180, FPS 36,
	Rewards:
	Losses:
INFO:root:Time: 00d 00h 00m 05s, num timesteps 200, FPS 33,
	Rewards:
	Losses: Policy Loss value/action/dist: 0.002/-0.001/1.098,
INFO:root:Time: 00d 00h 00m 06s, num timesteps 220, FPS 34,
	Rewards:
	Losses: Policy Loss value/action/dist: 0.002/-0.001/1.098,
INFO:root:Time: 00d 00h 00m 06s, num timesteps 240, FPS 34,
	Rewards:
	Losses: Policy Loss value/action/dist: 0.002/-0.001/1.098,
INFO:root:Time: 00d 00h 00m 07s, num timesteps 260, FPS 34,
	Rewards:
	Losses: Policy Loss value/action/dist: 0.002/-0.001/1.098,
INFO:root:Time: 00d 00h 00m 08s, num timesteps 280, FPS 34,
	Rewards:
	Losses: Policy Loss value/action/dist: 0.002/-0.001/1.098,
INFO:root:Time: 00d 00h 00m 08s, num timesteps 300, FPS 34,
	Rewards:
	Losses: Policy Loss value/action/dist: 0.002/-0.001/1.098,
INFO:root:Time: 00d 00h 00m 09s, num timesteps 320, FPS 34,
	Rewards:
	Losses: Policy Loss value/action/dist: 0.002/-0.001/1.098,
INFO:root:Time: 00d 00h 00m 09s, num timesteps 340, FPS 34,
	Rewards:
	Losses: Policy Loss value/action/dist: 0.002/-0.001/1.098,
INFO:root:Time: 00d 00h 00m 10s, num timesteps 360, FPS 34,
	Rewards:
	Losses: Policy Loss value/action/dist: 0.002/-0.001/1.098,
INFO:root:Time: 00d 00h 00m 10s, num timesteps 380, FPS 34,
	Rewards:
	Losses: Policy Loss value/action/dist: 0.002/-0.001/1.098,
INFO:root:Time: 00d 00h 00m 11s, num timesteps 400, FPS 33,
	Rewards:
	Losses: Policy Loss value/action/dist: 0.004/-0.001/1.098,
INFO:root:Time: 00d 00h 00m 12s, num timesteps 420, FPS 34,
	Rewards:
	Losses: Policy Loss value/action/dist: 0.004/-0.001/1.098,
INFO:root:Time: 00d 00h 00m 12s, num timesteps 440, FPS 34,
	Rewards:
	Losses: Policy Loss value/action/dist: 0.004/-0.001/1.098,
INFO:root:Time: 00d 00h 00m 13s, num timesteps 460, FPS 34,
	Rewards:
	Losses: Policy Loss value/action/dist: 0.004/-0.001/1.098,
INFO:root:Time: 00d 00h 00m 13s, num timesteps 480, FPS 34,
	Rewards:
	Losses: Policy Loss value/action/dist: 0.004/-0.001/1.098,
INFO:root:Time: 00d 00h 00m 14s, num timesteps 500, FPS 34,
	Rewards:
	Losses: Policy Loss value/action/dist: 0.004/-0.001/1.098,
INFO:root:Time: 00d 00h 00m 15s, num timesteps 520, FPS 34,
	Rewards:
	Losses: Policy Loss value/action/dist: 0.004/-0.001/1.098,
INFO:root:Time: 00d 00h 00m 15s, num timesteps 540, FPS 34,
	Rewards:
	Losses: Policy Loss value/action/dist: 0.004/-0.001/1.098,
INFO:root:Time: 00d 00h 00m 16s, num timesteps 560, FPS 34,
	Rewards:
	Losses: Policy Loss value/action/dist: 0.004/-0.001/1.098,
INFO:root:Time: 00d 00h 00m 16s, num timesteps 580, FPS 34,
	Rewards:
	Losses: Policy Loss value/action/dist: 0.004/-0.001/1.098,
INFO:root:Time: 00d 00h 00m 17s, num timesteps 600, FPS 34,
	Rewards:
	Losses: Policy Loss value/action/dist: 0.003/-0.001/1.098,
INFO:root:Time: 00d 00h 00m 18s, num timesteps 620, FPS 34,
	Rewards:
	Losses: Policy Loss value/action/dist: 0.003/-0.001/1.098,
INFO:root:Time: 00d 00h 00m 18s, num timesteps 640, FPS 34,
	Rewards:
	Losses: Policy Loss value/action/dist: 0.003/-0.001/1.098,
INFO:root:Time: 00d 00h 00m 19s, num timesteps 660, FPS 34,
	Rewards:
	Losses: Policy Loss value/action/dist: 0.003/-0.001/1.098,
INFO:root:Time: 00d 00h 00m 19s, num timesteps 680, FPS 34,
	Rewards:
	Losses: Policy Loss value/action/dist: 0.003/-0.001/1.098,
INFO:root:Time: 00d 00h 00m 20s, num timesteps 700, FPS 34,
	Rewards:
	Losses: Policy Loss value/action/dist: 0.003/-0.001/1.098,
INFO:root:Time: 00d 00h 00m 20s, num timesteps 720, FPS 34,
	Rewards:
	Losses: Policy Loss value/action/dist: 0.003/-0.001/1.098,
INFO:root:Time: 00d 00h 00m 21s, num timesteps 740, FPS 34,
	Rewards:
	Losses: Policy Loss value/action/dist: 0.003/-0.001/1.098,
INFO:root:Time: 00d 00h 00m 21s, num timesteps 760, FPS 34,
	Rewards:
	Losses: Policy Loss value/action/dist: 0.003/-0.001/1.098,
INFO:root:Time: 00d 00h 00m 22s, num timesteps 780, FPS 34,
	Rewards:
	Losses: Policy Loss value/action/dist: 0.003/-0.001/1.098,
INFO:root:Time: 00d 00h 00m 23s, num timesteps 800, FPS 34,
	Rewards:
	Losses: Policy Loss value/action/dist: 0.002/-0.001/1.098,
INFO:root:Time: 00d 00h 00m 23s, num timesteps 820, FPS 34,
	Rewards:
	Losses: Policy Loss value/action/dist: 0.002/-0.001/1.098,
INFO:root:Time: 00d 00h 00m 24s, num timesteps 840, FPS 34,
	Rewards:
	Losses: Policy Loss value/action/dist: 0.002/-0.001/1.098,
INFO:root:Time: 00d 00h 00m 24s, num timesteps 860, FPS 34,
	Rewards:
	Losses: Policy Loss value/action/dist: 0.002/-0.001/1.098,
INFO:root:Time: 00d 00h 00m 25s, num timesteps 880, FPS 34,
	Rewards:
	Losses: Policy Loss value/action/dist: 0.002/-0.001/1.098,
INFO:root:Time: 00d 00h 00m 25s, num timesteps 900, FPS 34,
	Rewards:
	Losses: Policy Loss value/action/dist: 0.002/-0.001/1.098,
INFO:root:Time: 00d 00h 00m 26s, num timesteps 920, FPS 34,
	Rewards:
	Losses: Policy Loss value/action/dist: 0.002/-0.001/1.098,
INFO:root:Time: 00d 00h 00m 26s, num timesteps 940, FPS 34,
	Rewards:
	Losses: Policy Loss value/action/dist: 0.002/-0.001/1.098,
INFO:root:Time: 00d 00h 00m 27s, num timesteps 960, FPS 34,
	Rewards:
	Losses: Policy Loss value/action/dist: 0.002/-0.001/1.098,
INFO:root:Time: 00d 00h 00m 28s, num timesteps 980, FPS 34,
	Rewards:
	Losses: Policy Loss value/action/dist: 0.002/-0.001/1.098,
INFO:root:Time: 00d 00h 00m 28s, num timesteps 1000, FPS 34,
	Rewards: eps mean/med/min/max eps rew: 0.00191/0.00191/0.00191/0.00191,
	Losses: Policy Loss value/action/dist: 0.026/-0.001/1.098,
INFO:root:Time: 00d 00h 00m 29s, num timesteps 1020, FPS 34,
	Rewards: eps mean/med/min/max eps rew: 0.00191/0.00191/0.00191/0.00191,
	Losses: Policy Loss value/action/dist: 0.026/-0.001/1.098,
INFO:root:Time: 00d 00h 00m 29s, num timesteps 1040, FPS 34,
	Rewards: eps mean/med/min/max eps rew: 0.00191/0.00191/0.00191/0.00191,
	Losses: Policy Loss value/action/dist: 0.026/-0.001/1.098,
INFO:root:Time: 00d 00h 00m 30s, num timesteps 1060, FPS 34,
	Rewards: eps mean/med/min/max eps rew: 0.00191/0.00191/0.00191/0.00191,
	Losses: Policy Loss value/action/dist: 0.026/-0.001/1.098,
INFO:root:Time: 00d 00h 00m 30s, num timesteps 1080, FPS 34,
	Rewards: eps mean/med/min/max eps rew: 0.00191/0.00191/0.00191/0.00191,
	Losses: Policy Loss value/action/dist: 0.026/-0.001/1.098,
INFO:root:Time: 00d 00h 00m 31s, num timesteps 1100, FPS 35,
	Rewards: eps mean/med/min/max eps rew: 0.00191/0.00191/0.00191/0.00191,
	Losses: Policy Loss value/action/dist: 0.026/-0.001/1.098,
INFO:root:Time: 00d 00h 00m 31s, num timesteps 1120, FPS 35,
	Rewards: eps mean/med/min/max eps rew: 0.00191/0.00191/0.00191/0.00191,
	Losses: Policy Loss value/action/dist: 0.026/-0.001/1.098,
INFO:root:Time: 00d 00h 00m 32s, num timesteps 1140, FPS 35,
	Rewards: eps mean/med/min/max eps rew: 0.00191/0.00191/0.00191/0.00191,
	Losses: Policy Loss value/action/dist: 0.026/-0.001/1.098,
INFO:root:Time: 00d 00h 00m 32s, num timesteps 1160, FPS 35,
	Rewards: eps mean/med/min/max eps rew: 0.00191/0.00191/0.00191/0.00191,
	Losses: Policy Loss value/action/dist: 0.026/-0.001/1.098,
INFO:root:Time: 00d 00h 00m 33s, num timesteps 1180, FPS 35,
	Rewards: eps mean/med/min/max eps rew: 0.00191/0.00191/0.00191/0.00191,
	Losses: Policy Loss value/action/dist: 0.026/-0.001/1.098,
INFO:root:Time: 00d 00h 00m 34s, num timesteps 1200, FPS 35,
	Rewards: eps mean/med/min/max eps rew: 0.00191/0.00191/0.00191/0.00191,
	Losses: Policy Loss value/action/dist: 0.035/-0.001/1.098,
INFO:root:Time: 00d 00h 00m 34s, num timesteps 1220, FPS 35,
	Rewards: eps mean/med/min/max eps rew: 0.00191/0.00191/0.00191/0.00191,
	Losses: Policy Loss value/action/dist: 0.035/-0.001/1.098,
INFO:root:Time: 00d 00h 00m 35s, num timesteps 1240, FPS 35,
	Rewards: eps mean/med/min/max eps rew: 0.00191/0.00191/0.00191/0.00191,
	Losses: Policy Loss value/action/dist: 0.035/-0.001/1.098,
INFO:root:Time: 00d 00h 00m 35s, num timesteps 1260, FPS 35,
	Rewards: eps mean/med/min/max eps rew: 0.00191/0.00191/0.00191/0.00191,
	Losses: Policy Loss value/action/dist: 0.035/-0.001/1.098,
INFO:root:Time: 00d 00h 00m 36s, num timesteps 1280, FPS 35,
	Rewards: eps mean/med/min/max eps rew: 0.00191/0.00191/0.00191/0.00191,
	Losses: Policy Loss value/action/dist: 0.035/-0.001/1.098,
INFO:root:Time: 00d 00h 00m 36s, num timesteps 1300, FPS 35,
	Rewards: eps mean/med/min/max eps rew: 0.00191/0.00191/0.00191/0.00191,
	Losses: Policy Loss value/action/dist: 0.035/-0.001/1.098,
INFO:root:Time: 00d 00h 00m 37s, num timesteps 1320, FPS 35,
	Rewards: eps mean/med/min/max eps rew: 0.00191/0.00191/0.00191/0.00191,
	Losses: Policy Loss value/action/dist: 0.035/-0.001/1.098,
INFO:root:Time: 00d 00h 00m 37s, num timesteps 1340, FPS 35,
	Rewards: eps mean/med/min/max eps rew: 0.00191/0.00191/0.00191/0.00191,
	Losses: Policy Loss value/action/dist: 0.035/-0.001/1.098,
INFO:root:Time: 00d 00h 00m 38s, num timesteps 1360, FPS 35,
	Rewards: eps mean/med/min/max eps rew: 0.00191/0.00191/0.00191/0.00191,
	Losses: Policy Loss value/action/dist: 0.035/-0.001/1.098,
INFO:root:Time: 00d 00h 00m 38s, num timesteps 1380, FPS 35,
	Rewards: eps mean/med/min/max eps rew: 0.00191/0.00191/0.00191/0.00191,
	Losses: Policy Loss value/action/dist: 0.035/-0.001/1.098,
INFO:root:Time: 00d 00h 00m 39s, num timesteps 1400, FPS 35,
	Rewards: eps mean/med/min/max eps rew: 0.00191/0.00191/0.00191/0.00191,
	Losses: Policy Loss value/action/dist: 0.057/-0.001/1.098,
INFO:root:Time: 00d 00h 00m 40s, num timesteps 1420, FPS 35,
	Rewards: eps mean/med/min/max eps rew: 0.00191/0.00191/0.00191/0.00191,
	Losses: Policy Loss value/action/dist: 0.057/-0.001/1.098,
INFO:root:Time: 00d 00h 00m 40s, num timesteps 1440, FPS 35,
	Rewards: eps mean/med/min/max eps rew: 0.00191/0.00191/0.00191/0.00191,
	Losses: Policy Loss value/action/dist: 0.057/-0.001/1.098,
INFO:root:Time: 00d 00h 00m 41s, num timesteps 1460, FPS 35,
	Rewards: eps mean/med/min/max eps rew: 0.00191/0.00191/0.00191/0.00191,
	Losses: Policy Loss value/action/dist: 0.057/-0.001/1.098,
INFO:root:Time: 00d 00h 00m 41s, num timesteps 1480, FPS 35,
	Rewards: eps mean/med/min/max eps rew: 0.00191/0.00191/0.00191/0.00191,
	Losses: Policy Loss value/action/dist: 0.057/-0.001/1.098,
INFO:root:Time: 00d 00h 00m 42s, num timesteps 1500, FPS 35,
	Rewards: eps mean/med/min/max eps rew: 0.00191/0.00191/0.00191/0.00191,
	Losses: Policy Loss value/action/dist: 0.057/-0.001/1.098,
INFO:root:Time: 00d 00h 00m 42s, num timesteps 1520, FPS 35,
	Rewards: eps mean/med/min/max eps rew: 0.00191/0.00191/0.00191/0.00191,
	Losses: Policy Loss value/action/dist: 0.057/-0.001/1.098,
INFO:root:Time: 00d 00h 00m 43s, num timesteps 1540, FPS 35,
	Rewards: eps mean/med/min/max eps rew: 0.00191/0.00191/0.00191/0.00191,
	Losses: Policy Loss value/action/dist: 0.057/-0.001/1.098,
INFO:root:Time: 00d 00h 00m 43s, num timesteps 1560, FPS 35,
	Rewards: eps mean/med/min/max eps rew: 0.00191/0.00191/0.00191/0.00191,
	Losses: Policy Loss value/action/dist: 0.057/-0.001/1.098,
INFO:root:Time: 00d 00h 00m 44s, num timesteps 1580, FPS 35,
	Rewards: eps mean/med/min/max eps rew: 0.00191/0.00191/0.00191/0.00191,
	Losses: Policy Loss value/action/dist: 0.057/-0.001/1.098,
INFO:root:Time: 00d 00h 00m 45s, num timesteps 1600, FPS 35,
	Rewards: eps mean/med/min/max eps rew: 0.00191/0.00191/0.00191/0.00191,
	Losses: Policy Loss value/action/dist: 0.050/-0.001/1.098,
INFO:root:Time: 00d 00h 00m 45s, num timesteps 1620, FPS 35,
	Rewards: eps mean/med/min/max eps rew: 0.00191/0.00191/0.00191/0.00191,
	Losses: Policy Loss value/action/dist: 0.050/-0.001/1.098,
INFO:root:Time: 00d 00h 00m 46s, num timesteps 1640, FPS 35,
	Rewards: eps mean/med/min/max eps rew: 0.00191/0.00191/0.00191/0.00191,
	Losses: Policy Loss value/action/dist: 0.050/-0.001/1.098,
INFO:root:Time: 00d 00h 00m 46s, num timesteps 1660, FPS 35,
	Rewards: eps mean/med/min/max eps rew: 0.00191/0.00191/0.00191/0.00191,
	Losses: Policy Loss value/action/dist: 0.050/-0.001/1.098,
INFO:root:Time: 00d 00h 00m 47s, num timesteps 1680, FPS 35,
	Rewards: eps mean/med/min/max eps rew: 0.00191/0.00191/0.00191/0.00191,
	Losses: Policy Loss value/action/dist: 0.050/-0.001/1.098,
INFO:root:Time: 00d 00h 00m 47s, num timesteps 1700, FPS 35,
	Rewards: eps mean/med/min/max eps rew: 0.00191/0.00191/0.00191/0.00191,
	Losses: Policy Loss value/action/dist: 0.050/-0.001/1.098,
INFO:root:Time: 00d 00h 00m 48s, num timesteps 1720, FPS 35,
	Rewards: eps mean/med/min/max eps rew: 0.00191/0.00191/0.00191/0.00191,
	Losses: Policy Loss value/action/dist: 0.050/-0.001/1.098,
INFO:root:Time: 00d 00h 00m 48s, num timesteps 1740, FPS 35,
	Rewards: eps mean/med/min/max eps rew: 0.00191/0.00191/0.00191/0.00191,
	Losses: Policy Loss value/action/dist: 0.050/-0.001/1.098,
INFO:root:Time: 00d 00h 00m 49s, num timesteps 1760, FPS 35,
	Rewards: eps mean/med/min/max eps rew: 0.00191/0.00191/0.00191/0.00191,
	Losses: Policy Loss value/action/dist: 0.050/-0.001/1.098,
INFO:root:Time: 00d 00h 00m 49s, num timesteps 1780, FPS 35,
	Rewards: eps mean/med/min/max eps rew: 0.00191/0.00191/0.00191/0.00191,
	Losses: Policy Loss value/action/dist: 0.050/-0.001/1.098,
